2026-04-15 12:10:44,290 - INFO - [database.py:45] - Pool de conexões Singleton iniciado.
2026-04-15 12:10:53,683 - INFO - [database.py:368] - Login bem-sucedido: rafaelvbarbosa@gmail.com
2026-04-15 12:12:01,419 - INFO - [database.py:108] - Produto inserido com sucesso: ID 2
2026-04-15 12:13:30,177 - INFO - [database.py:108] - Produto inserido com sucesso: ID 3
2026-04-15 12:16:33,105 - INFO - [database.py:45] - Pool de conexões Singleton iniciado.
2026-04-15 12:16:39,956 - INFO - [database.py:368] - Login bem-sucedido: rafaelvbarbosa@gmail.com
2026-04-15 12:17:25,268 - ERROR - [database.py:111] - Erro ao inserir produto: ERRO:  o valor nulo na coluna "validade" da relação "produto" viola a restrição de não-nulo
DETAIL:  Registro que falhou contém (4, 5689, cajado de mago tier 2, null, 10, 986.34, jkkingbrs3954, null, null).

2026-04-15 12:18:05,906 - INFO - [database.py:108] - Produto inserido com sucesso: ID 5
2026-04-15 12:24:47,810 - INFO - [database.py:45] - Pool de conexões Singleton iniciado.
2026-04-15 12:24:55,778 - INFO - [database.py:372] - Login bem-sucedido: rafaelvbarbosa@gmail.com
2026-04-15 12:25:09,977 - INFO - [database.py:162] - Verificação de validade concluída. 2
2026-05-05 19:23:23,133 - INFO - [database.py:45] - Pool de conexões Singleton iniciado.
2026-05-05 19:23:32,184 - INFO - [database.py:372] - Login bem-sucedido: marcos@gmail.com
2026-05-05 19:25:07,834 - INFO - [database.py:112] - Produto inserido com sucesso: ID 2
2026-05-05 19:25:45,297 - INFO - [database.py:112] - Produto inserido com sucesso: ID 3
2026-05-05 19:25:47,820 - INFO - [database.py:162] - Verificação de validade concluída. 1
2026-05-05 19:25:52,917 - INFO - [database.py:129] - Produto removido com sucesso: ID 3
2026-05-05 19:45:55,365 - INFO - [database.py:45] - Pool de conexões Singleton iniciado.
2026-05-05 19:46:28,005 - INFO - [database.py:45] - Pool de conexões Singleton iniciado.
2026-05-05 19:46:35,608 - INFO - [database.py:372] - Login bem-sucedido: rafaelvbarbosa@gmail.com
2026-05-05 19:47:10,668 - INFO - [database.py:112] - Produto inserido com sucesso: ID 4
2026-05-05 19:47:47,162 - INFO - [database.py:45] - Pool de conexões Singleton iniciado.
2026-05-05 19:47:54,743 - INFO - [database.py:372] - Login bem-sucedido: marcos@gmail.com
2026-05-05 19:49:38,892 - INFO - [database.py:112] - Produto inserido com sucesso: ID 5
2026-05-05 19:49:59,765 - INFO - [database.py:45] - Pool de conexões Singleton iniciado.
2026-05-05 19:50:05,536 - INFO - [database.py:372] - Login bem-sucedido: marcos@gmail.com
2026-05-05 19:54:58,034 - INFO - [database.py:45] - Pool de conexões Singleton iniciado.
2026-05-05 19:55:03,879 - INFO - [database.py:372] - Login bem-sucedido: marcos@gmail.com
2026-05-05 20:06:51,224 - INFO - [database.py:45] - Pool de conexões Singleton iniciado.
2026-05-05 20:06:57,549 - INFO - [database.py:372] - Login bem-sucedido: marcos@gmail.com
2026-05-05 20:10:00,336 - INFO - [database.py:45] - Pool de conexões Singleton iniciado.
2026-05-05 20:10:06,367 - INFO - [database.py:372] - Login bem-sucedido: marcos@gmail.com
2026-05-05 20:11:40,990 - INFO - [database.py:112] - Produto inserido com sucesso: ID 6
2026-05-05 20:12:44,770 - INFO - [database.py:112] - Produto inserido com sucesso: ID 7
2026-05-05 20:15:25,311 - INFO - [database.py:45] - Pool de conexões Singleton iniciado.
2026-05-05 20:15:30,751 - INFO - [database.py:372] - Login bem-sucedido: marcos@gmail.com
2026-05-05 20:15:56,985 - INFO - [database.py:45] - Pool de conexões Singleton iniciado.
2026-05-05 20:16:02,684 - INFO - [database.py:372] - Login bem-sucedido: marcos@gmail.com
2026-05-18 19:04:31,791 - ERROR - [database.py:47] - Falha crítica ao iniciar o Pool: 'utf-8' codec can't decode byte 0xe3 in position 103: invalid continuation byte
